Raheem Sterling,27,786873600,1994/12/08,Premier League,2018/2019,Forward,Manchester City,2777,1256,1521,England,34,16,18,17,12,5,10,6,4,0,0,18,7,11,19,9,10,3,0,0.88,0.32,0.55,0.86,0.3,163,0.62,146,82,926,278,0.1,12,14,-1,2
Luka Milivojević,31,671011200,1991/04/07,Premier League,2018/2019,Midfielder,Crystal Palace,3420,1710,1710,Serbia,38,19,19,12,7,5,2,0,2,10,1,12,7,5,47,20,27,10,0,0.37,0.05,0.32,0.37,0.26,285,1.24,73,90,342,1710,0.26,59,210,-1,1
Mohamed Salah,30,708591600,1992/06/15,Premier League,2018/2019,Forward,Liverpool,3262,1692,1570,Egypt,38,19,19,22,13,9,8,5,3,3,0,21,12,9,18,8,10,1,0,0.83,0.22,0.61,0.69,0.52,148,0.5,181,86,3262,408,0.03,7,57,-1,2
Jamie Vardy,35,537350400,1987/01/11,Premier League,2018/2019,Forward,Leicester City,2735,1418,1317,England,34,17,17,18,8,10,4,3,1,4,1,10,6,4,33,13,20,4,1,0.72,0.13,0.59,0.51,0.68,152,1.09,83,80,547,684,0.16,9,118,-1,1
Harry Kane,29,743842800,1993/07/28,Premier League,2018/2019,Forward,Tottenham Hotspur,2427,1066,1361,England,28,12,16,17,6,11,4,2,2,4,0,10,4,6,28,10,18,5,0,0.78,0.15,0.63,0.51,0.73,143,1.04,87,87,485,607,0.19,5,94,-1,1
Pierre-Emerick Aubameyang,33,614156400,1989/06/18,Premier League,2018/2019,Forward,Arsenal,2731,1418,1313,Gabon,36,19,17,22,13,9,5,4,1,4,1,8,7,1,40,14,26,0,0,0.89,0.16,0.73,0.83,0.62,124,1.32,68,76,0,546,0,3,88,-1,1
Gylfi Sigurdsson,33,621241200,1989/09/08,Premier League,2018/2019,Midfielder,Everton,3134,1602,1532,Iceland,38,19,19,13,7,6,6,2,4,2,3,14,9,5,40,19,21,3,0,0.55,0.17,0.37,0.39,0.35,241,1.15,78,82,1045,522,0.09,43,86,-1,2
Paul Pogba,29,732182400,1993/03/15,Premier League,2018/2019,Midfielder,Manchester United,3011,1517,1494,France,35,18,17,13,10,3,9,4,5,7,3,7,2,5,41,20,21,6,0,0.66,0.27,0.39,0.59,0.18,232,1.23,73,86,502,335,0.18,37,30,-1,1
Joshua King,30,695462400,1992/01/15,Premier League,2018/2019,Forward,AFC Bournemouth,2974,1563,1411,Norway,35,18,17,12,9,3,3,3,0,5,1,9,6,3,54,20,34,3,0,0.45,0.09,0.36,0.52,0.19,248,1.63,55,85,991,991,0.09,49,157,-1,2
Heung-Min Son,30,710578800,1992/07/08,Premier League,2018/2019,Forward,Tottenham Hotspur,2048,1161,887,South Korea,31,16,15,12,8,4,6,2,4,0,0,11,7,4,20,8,12,3,1,0.79,0.26,0.53,0.62,0.41,171,0.88,102,66,512,341,0.18,14,34,-1,2
Marko Arnautović,33,608972400,1989/04/19,Premier League,2018/2019,Forward,West Ham United,2000,1083,917,Austria,28,15,13,10,7,3,4,1,3,1,0,5,3,2,31,17,14,3,0,0.63,0.18,0.45,0.58,0.29,200,1.4,65,71,667,500,0.14,26,76,-1,1
Leroy Sané,26,821347200,1996/01/11,Premier League,2018/2019,Midfielder,Manchester City,1867,1024,843,Germany,31,16,15,10,5,5,10,6,4,0,0,16,8,8,14,8,6,1,0,0.96,0.48,0.48,0.44,0.53,187,0.67,133,60,1867,187,0.05,19,4,-1,3
Marcus Rashford,25,878284800,1997/10/31,Premier League,2018/2019,Forward,Manchester United,2362,1293,1069,England,33,17,16,10,4,6,6,3,3,0,0,6,2,4,34,17,17,4,1,0.61,0.23,0.38,0.28,0.51,236,1.3,69,72,472,394,0.19,41,52,-1,3
Pedro Rodriguez,35,554454000,1987/07/28,Premier League,2018/2019,Midfielder,Chelsea,1780,958,822,Spain,31,15,16,8,6,2,2,2,0,0,0,11,7,4,18,7,11,2,0,0.51,0.1,0.4,0.56,0.22,223,0.91,99,57,890,890,0.1,35,144,-1,2
James Ward-Prowse,27,783676800,1994/11/01,Premier League,2018/2019,Midfielder,Southampton,1942,942,1000,England,26,13,13,7,5,2,0,0,0,1,0,4,2,2,36,15,21,4,0,0.32,0,0.32,0.48,0.18,277,1.67,54,75,486,0,0.19,58,347,-1,1
James Maddison,25,848736000,1996/11/23,Premier League,2018/2019,Midfielder,Leicester City,2850,1535,1315,England,36,18,18,7,3,4,7,4,3,1,1,8,5,3,39,18,21,5,1,0.44,0.22,0.22,0.18,0.27,407,1.23,73,79,570,407,0.16,83,60,-1,2
Nathan Redmond,28,762940800,1994/03/06,Premier League,2018/2019,Midfielder,Southampton,3276,1633,1643,England,38,19,19,6,4,2,4,2,2,0,0,7,3,4,53,22,31,3,0,0.27,0.11,0.16,0.22,0.11,546,1.46,62,86,1092,819,0.08,116,137,-1,3
Michail Antonio,32,638611200,1990/03/28,Premier League,2018/2019,Midfielder,West Ham United,2099,998,1101,England,33,16,17,6,4,2,4,2,2,0,0,5,3,2,26,10,16,3,0,0.43,0.17,0.26,0.36,0.16,350,1.11,81,64,700,525,0.13,77,85,-1,4
Mesut Özil,34,592902000,1988/10/15,Premier League,2018/2019,Midfielder,Arsenal,1741,1139,602,Germany,24,14,10,5,4,1,2,2,0,0,0,6,5,1,23,11,12,2,0,0.36,0.1,0.26,0.32,0.15,348,1.19,76,73,871,871,0.1,73,151,-1,4
Mark Noble,35,547455600,1987/05/08,Premier League,2018/2019,Midfielder,West Ham United,2308,1147,1161,England,31,15,16,5,2,3,5,4,1,4,0,7,4,3,29,12,17,7,1,0.39,0.19,0.19,0.16,0.23,462,1.13,80,74,289,462,0.31,96,70,-1,5
Lucas Rodrigues Moura da Silva,30,713689200,1992/08/13,Premier League,2018/2019,Midfielder,Tottenham Hotspur,2127,1040,1087,Brazil,32,15,17,10,6,4,0,0,0,0,0,12,7,5,16,9,7,3,0,0.42,0,0.42,0.52,0.33,213,0.68,133,66,709,0,0.13,30,279,-1,3
İlkay Gündoğan,32,656751600,1990/10/24,Premier League,2018/2019,Midfielder,Manchester City,2135,985,1150,Germany,31,15,16,6,4,2,3,0,3,0,0,15,6,9,15,8,7,3,0,0.38,0.13,0.25,0.37,0.16,356,0.63,142,69,712,712,0.13,78,120,-1,8
Henrikh Mkhitaryan,33,601372800,1989/01/21,Premier League,2018/2019,Midfielder,Arsenal,1643,650,993,Armenia,25,11,14,6,3,3,4,3,1,0,0,4,3,1,25,9,16,1,0,0.55,0.22,0.33,0.42,0.27,274,1.37,66,66,1643,411,0.05,53,56,-1,3
James Milner,36,505209600,1986/01/04,Premier League,2018/2019,Midfielder,Liverpool,1785,646,1139,England,31,12,19,5,0,5,4,2,2,3,0,18,9,9,11,4,7,7,1,0.45,0.2,0.25,0,0.4,357,0.55,162,58,255,446,0.35,81,65,-1,5
Javier Hernandez,34,581151600,1988/06/01,Premier League,2018/2019,Forward,West Ham United,1335,694,641,Mexico,25,13,12,7,5,2,1,0,1,0,0,3,1,2,16,8,8,2,0,0.54,0.07,0.47,0.65,0.28,191,1.08,83,53,668,1335,0.13,23,186,-1,3
Michy Batshuayi,29,749545200,1993/10/02,Premier League,2018/2019,Forward,Crystal Palace,756,368,388,Belgium,11,6,5,5,2,3,0,0,0,0,0,3,2,1,11,7,4,0,0,0.6,0,0.6,0.49,0.7,151,1.31,69,69,0,0,0,8,307,-1,4
