full_name,age,birthday,birthday_GMT,league,season,position,Current Club,minutes_played_overall,minutes_played_home,minutes_played_away,nationality,appearances_overall,appearances_home,appearances_away,goals_overall,goals_home,goals_away,assists_overall,assists_home,assists_away,penalty_goals,penalty_misses,clean_sheets_overall,clean_sheets_home,clean_sheets_away,conceded_overall,conceded_home,conceded_away,yellow_cards_overall,red_cards_overall,goals_involved_per_90_overall,assists_per_90_overall,goals_per_90_overall,goals_per_90_home,goals_per_90_away,min_per_goal_overall,conceded_per_90_overall,min_per_conceded_overall,min_per_match,min_per_card_overall,min_per_assist_overall,cards_per_90_overall,rank_in_league_top_attackers,rank_in_league_top_midfielders,rank_in_league_top_defenders,rank_in_club_top_scorer
Gylfi Sigurdsson,33,621241200,1989/09/08,Premier League,2018/2019,Midfielder,Everton,3134,1602,1532,Iceland,38,19,19,13,7,6,6,2,4,2,3,14,9,5,40,19,21,3,0,0.55,0.17,0.37,0.39,0.35,241,1.15,78,82,1045,522,0.09,43,86,-1,2
Henrikh Mkhitaryan,33,601372800,1989/01/21,Premier League,2018/2019,Midfielder,Arsenal,1643,650,993,Armenia,25,11,14,6,3,3,4,3,1,0,0,4,3,1,25,9,16,1,0,0.55,0.22,0.33,0.42,0.27,274,1.37,66,66,1643,411,0.05,53,56,-1,3
İlkay Gündoğan,32,656751600,1990/10/24,Premier League,2018/2019,Midfielder,Manchester City,2135,985,1150,Germany,31,15,16,6,4,2,3,0,3,0,0,15,6,9,15,8,7,3,0,0.38,0.13,0.25,0.37,0.16,356,0.63,142,69,712,712,0.13,78,120,-1,8
Jack Cork,33,614761200,1989/06/25,Premier League,2018/2019,Midfielder,Burnley,3313,1693,1620,England,37,19,18,1,1,0,2,1,1,0,0,8,5,3,54,27,27,6,0,0.08,0.05,0.03,0.05,0,3313,1.47,61,90,552,1657,0.16,249,204,-1,11
James McArthur,35,560588400,1987/10/07,Premier League,2018/2019,Midfielder,Crystal Palace,3071,1506,1565,Scotland,38,19,19,3,1,2,6,1,5,0,0,12,7,5,44,19,25,7,0,0.26,0.18,0.09,0.06,0.12,1024,1.29,70,81,439,512,0.21,179,74,-1,7
James Milner,36,505209600,1986/01/04,Premier League,2018/2019,Midfielder,Liverpool,1785,646,1139,England,31,12,19,5,0,5,4,2,2,3,0,18,9,9,11,4,7,7,1,0.45,0.2,0.25,0,0.4,357,0.55,162,58,255,446,0.35,81,65,-1,5
James Tomkins,33,607161600,1989/03/29,Premier League,2018/2019,Defender,Crystal Palace,2563,1140,1423,England,29,13,16,1,0,1,1,0,1,0,0,10,5,5,34,12,22,6,0,0.07,0.04,0.04,0,0.06,2563,1.19,75,88,427,2563,0.21,235,215,63,9
Jamie Vardy,35,537350400,1987/01/11,Premier League,2018/2019,Forward,Leicester City,2735,1418,1317,England,34,17,17,18,8,10,4,3,1,4,1,10,6,4,33,13,20,4,1,0.72,0.13,0.59,0.51,0.68,152,1.09,83,80,547,684,0.16,9,118,-1,1
Jan Vertonghen,35,546246000,1987/04/24,Premier League,2018/2019,Defender,Tottenham Hotspur,1915,884,1031,Belgium,22,10,12,1,0,1,0,0,0,0,0,7,4,3,21,7,14,5,1,0.05,0,0.05,0,0.09,1915,0.99,91,87,383,0,0.23,225,282,31,10
Javier Hernandez,34,581151600,1988/06/01,Premier League,2018/2019,Forward,West Ham United,1335,694,641,Mexico,25,13,12,7,5,2,1,0,1,0,0,3,1,2,16,8,8,2,0,0.54,0.07,0.47,0.65,0.28,191,1.08,83,53,668,1335,0.13,23,186,-1,3
Jean Michau00ebl Seri,31,679906800,1991/07/19,Premier League,2018/2019,Midfielder,Fulham,2252,1112,1140,Ivory Coast,32,15,17,1,1,0,2,0,2,0,0,4,2,2,53,23,30,6,0,0.12,0.08,0.04,0.08,0,2252,2.12,42,70,375,1126,0.24,236,171,-1,7
João Moutinho,36,526546800,1986/09/08,Premier League,2018/2019,Midfielder,Wolverhampton Wanderers,3040,1532,1508,Portugal,38,19,19,1,0,1,8,5,3,0,0,9,7,2,37,17,20,4,0,0.27,0.24,0.03,0,0.06,3040,1.1,82,80,760,380,0.12,258,44,-1,11
Joel Matip,31,681634800,1991/08/08,Premier League,2018/2019,Defender,Liverpool,1532,811,721,Cameroon,22,10,12,1,1,0,0,0,0,0,0,11,6,5,9,5,4,3,0,0.06,0,0.06,0.11,0,1532,0.53,170,70,511,0,0.18,215,286,8,11
Joel Ward,32,625647600,1989/10/29,Premier League,2018/2019,Defender,Crystal Palace,551,191,360,England,7,3,4,1,1,0,0,0,0,0,0,0,0,0,12,6,6,1,0,0.16,0,0.16,0.47,0,551,1.96,46,79,551,0,0.16,114,358,159,11
Johann Berg Guðmunds­son,32,657010800,1990/10/27,Premier League,2018/2019,Midfielder,Burnley,1748,847,901,Iceland,29,15,14,3,0,3,6,5,1,0,0,6,4,2,31,13,18,2,0,0.46,0.31,0.15,0,0.3,583,1.6,56,60,874,291,0.1,122,18,-1,5
Jonny Evans,34,568195200,1988/01/03,Premier League,2018/2019,Defender,Leicester City,1995,1074,921,Northern Ireland,24,12,12,1,1,0,0,0,0,0,0,8,6,2,22,9,13,2,0,0.05,0,0.05,0.08,0,1995,0.99,91,83,998,0,0.09,224,319,32,11
Jordan Ayew,31,684572400,1991/09/11,Premier League,2018/2019,Forward,Crystal Palace,1186,616,570,Ghana,20,8,12,1,0,1,2,0,2,0,0,6,3,3,13,7,6,3,0,0.23,0.15,0.08,0,0.16,1186,0.99,91,59,395,593,0.23,187,96,-1,12
Jordan Henderson,32,645606000,1990/06/17,Premier League,2018/2019,Midfielder,Liverpool,1983,925,1058,England,32,16,16,1,0,1,3,2,1,0,0,19,10,9,11,4,7,3,1,0.18,0.14,0.05,0,0.09,1983,0.5,180,62,661,661,0.14,217,102,-1,14
José Holebas,38,457167600,1984/06/27,Premier League,2018/2019,Defender,Watford,2394,1224,1170,Greece,28,15,13,3,2,1,6,5,1,0,0,5,3,2,38,20,18,13,1,0.34,0.23,0.11,0.15,0.08,798,1.43,63,86,171,399,0.53,153,49,105,7
José Luis Sanmartín Mato,32,638524800,1990/03/27,Premier League,2018/2019,Forward,Newcastle United,586,308,278,Spain,16,9,7,2,2,0,0,0,0,0,0,4,2,2,12,8,4,1,0,0.31,0,0.31,0.58,0,293,1.84,49,37,586,0,0.15,61,265,-1,5
Juan Mata,34,578214000,1988/04/28,Premier League,2018/2019,Midfielder,Manchester United,1294,833,461,Spain,22,13,9,3,3,0,2,2,0,0,0,4,2,2,14,6,8,3,0,0.35,0.14,0.21,0.32,0,431,0.97,92,59,431,647,0.21,92,103,-1,6
Junior Stanislas,32,628070400,1989/11/26,Premier League,2018/2019,Midfielder,AFC Bournemouth,1027,559,468,England,23,12,11,2,1,1,3,3,0,1,0,7,4,3,24,8,16,1,0,0.44,0.26,0.18,0.16,0.19,514,2.1,43,45,1027,342,0.09,104,35,-1,7
Kevin De Bruyne,31,678092400,1991/06/28,Premier League,2018/2019,Midfielder,Manchester City,974,477,497,Belgium,19,9,10,2,2,0,2,0,2,0,0,12,6,6,3,1,2,2,0,0.37,0.18,0.18,0.38,0,487,0.28,325,51,487,487,0.18,109,75,-1,10
Kieran Trippier,32,653727600,1990/09/19,Premier League,2018/2019,Defender,Tottenham Hotspur,2278,1188,1090,England,27,14,13,1,1,0,3,0,3,0,0,10,5,5,20,10,10,2,0,0.16,0.12,0.04,0.08,0,2278,0.79,114,84,1139,759,0.08,230,122,19,12
Kyle Walker,32,643878000,1990/05/28,Premier League,2018/2019,Defender,Manchester City,2777,1245,1532,England,33,15,18,1,1,0,1,0,1,0,0,18,7,11,17,9,8,3,0,0.06,0.03,0.03,0.07,0,2777,0.55,163,84,926,2777,0.1,250,248,10,14
Laurent Koscielny,37,495183600,1985/09/10,Premier League,2018/2019,Defender,Arsenal,1328,484,844,France,17,6,11,3,2,1,0,0,0,0,0,4,3,1,21,5,16,1,0,0.2,0,0.2,0.37,0.11,443,1.42,63,78,1328,0,0.07,93,295,103,7
Leon Balogun,34,583484400,1988/06/28,Premier League,2018/2019,Defender,Brighton & Hove Albion,591,309,282,Nigeria,8,4,4,1,1,0,0,0,0,0,0,0,0,0,9,5,4,2,0,0.15,0,0.15,0.29,0,591,1.37,66,74,296,0,0.3,121,292,97,12
Lucas Perez,34,589878000,1988/09/10,Premier League,2018/2019,Forward,West Ham United,468,287,181,Spain,15,10,5,3,3,0,0,0,0,0,0,3,2,1,9,5,4,0,0,0.58,0,0.58,0.94,0,156,1.73,52,31,0,0,0,10,276,-1,6
Luka Milivojević,31,671011200,1991/04/07,Premier League,2018/2019,Midfielder,Crystal Palace,3420,1710,1710,Serbia,38,19,19,12,7,5,2,0,2,10,1,12,7,5,47,20,27,10,0,0.37,0.05,0.32,0.37,0.26,285,1.24,73,90,342,1710,0.26,59,210,-1,1
Marc Albrighton,32,627379200,1989/11/18,Premier League,2018/2019,Midfielder,Leicester City,1626,797,829,England,27,14,13,2,1,1,2,1,1,0,0,9,5,4,17,8,9,3,0,0.22,0.11,0.11,0.11,0.11,813,0.94,96,60,542,813,0.17,156,140,-1,8
Marcos Alonso,31,662371200,1990/12/28,Premier League,2018/2019,Defender,Chelsea,2761,1338,1423,Spain,31,15,16,2,1,1,4,3,1,0,0,14,8,6,28,9,19,6,0,0.2,0.13,0.07,0.07,0.06,1381,0.91,99,89,460,690,0.2,191,112,22,10
Mark Noble,35,547455600,1987/05/08,Premier League,2018/2019,Midfielder,West Ham United,2308,1147,1161,England,31,15,16,5,2,3,5,4,1,4,0,7,4,3,29,12,17,7,1,0.39,0.19,0.19,0.16,0.23,462,1.13,80,74,289,462,0.31,96,70,-1,5
Marko Arnautović,33,608972400,1989/04/19,Premier League,2018/2019,Forward,West Ham United,2000,1083,917,Austria,28,15,13,10,7,3,4,1,3,1,0,5,3,2,31,17,14,3,0,0.63,0.18,0.45,0.58,0.29,200,1.4,65,71,667,500,0.14,26,76,-1,1
Mathias Jattah-Njie Jørgensen,32,640854000,1990/04/23,Premier League,2018/2019,Defender,Huddersfield Town,2148,1248,900,Denmark,24,14,10,3,1,2,1,0,1,0,0,3,2,1,37,21,16,6,0,0.17,0.04,0.13,0.07,0.2,716,1.55,58,90,358,2148,0.25,129,235,125,2
Matt Ritchie,33,621414000,1989/09/10,Premier League,2018/2019,Midfielder,Newcastle United,2940,1557,1383,Scotland,36,19,17,2,1,1,8,2,6,1,1,11,5,6,37,21,16,9,0,0.31,0.24,0.06,0.06,0.07,1470,1.13,79,82,327,368,0.28,216,46,-1,6
Mesut Özil,34,592902000,1988/10/15,Premier League,2018/2019,Midfielder,Arsenal,1741,1139,602,Germany,24,14,10,5,4,1,2,2,0,0,0,6,5,1,23,11,12,2,0,0.36,0.1,0.26,0.32,0.15,348,1.19,76,73,871,871,0.1,73,151,-1,4
Michail Antonio,32,638611200,1990/03/28,Premier League,2018/2019,Midfielder,West Ham United,2099,998,1101,England,33,16,17,6,4,2,4,2,2,0,0,5,3,2,26,10,16,3,0,0.43,0.17,0.26,0.36,0.16,350,1.11,81,64,700,525,0.13,77,85,-1,4
N'Golo Kanté,31,670233600,1991/03/29,Premier League,2018/2019,Midfielder,Chelsea,3096,1579,1517,France,36,19,17,4,2,2,4,3,1,0,0,15,10,5,37,12,25,3,0,0.23,0.12,0.12,0.11,0.12,774,1.08,84,86,1032,774,0.09,141,126,-1,6
Nacho Monreal,36,509788800,1986/02/26,Premier League,2018/2019,Defender,Arsenal,1861,781,1080,Spain,22,10,12,1,1,0,3,0,3,0,0,6,5,1,21,3,18,5,0,0.19,0.15,0.05,0.12,0,1861,1.02,89,85,372,620,0.24,222,98,37,11
Nemanja Matić,34,586422000,1988/08/01,Premier League,2018/2019,Midfielder,Manchester United,2441,1051,1390,Serbia,28,12,16,1,1,0,0,0,0,0,0,6,1,5,35,14,21,8,1,0.04,0,0.04,0.09,0,2441,1.29,70,87,305,0,0.29,239,257,-1,11
Olivier Giroud,36,528447600,1986/09/30,Premier League,2018/2019,Forward,Chelsea,832,446,386,France,27,14,13,2,1,1,4,3,1,0,0,12,7,5,4,1,3,1,0,0.65,0.43,0.22,0.2,0.23,416,0.43,208,31,832,208,0.11,86,7,-1,12
Oriol Romeu,31,685695600,1991/09/24,Premier League,2018/2019,Midfielder,Southampton,2140,1110,1030,Spain,31,16,15,1,1,0,0,0,0,0,0,6,3,3,32,16,16,11,0,0.04,0,0.04,0.08,0,2140,1.35,67,69,195,0,0.46,244,371,-1,9
Pascal Groß,31,676969200,1991/06/15,Premier League,2018/2019,Midfielder,Brighton & Hove Albion,1878,993,885,Germany,25,13,12,3,2,1,3,1,2,1,1,3,2,1,31,16,15,1,0,0.29,0.14,0.14,0.18,0.1,626,1.49,61,75,1878,626,0.05,126,104,-1,4
Patrick van Aanholt,32,651913200,1990/08/29,Premier League,2018/2019,Defender,Crystal Palace,3198,1703,1495,Netherlands,36,19,17,3,2,1,2,0,2,0,0,12,7,5,41,19,22,3,0,0.14,0.06,0.08,0.11,0.06,1066,1.15,78,89,1066,1599,0.08,184,199,53,6
Pedro Rodriguez,35,554454000,1987/07/28,Premier League,2018/2019,Midfielder,Chelsea,1780,958,822,Spain,31,15,16,8,6,2,2,2,0,0,0,11,7,4,18,7,11,2,0,0.51,0.1,0.4,0.56,0.22,223,0.91,99,57,890,890,0.1,35,144,-1,2
Phil Jagielka,40,398415600,1982/08/17,Premier League,2018/2019,Defender,Everton,329,95,234,England,7,3,4,1,1,0,0,0,0,0,0,5,3,2,2,0,2,1,1,0.27,0,0.27,0.95,0,329,0.55,165,47,165,0,0.55,71,272,9,13
Pierre-Emerick Aubameyang,33,614156400,1989/06/18,Premier League,2018/2019,Forward,Arsenal,2731,1418,1313,Gabon,36,19,17,22,13,9,5,4,1,4,1,8,7,1,40,14,26,0,0,0.89,0.16,0.73,0.83,0.62,124,1.32,68,76,0,546,0,3,88,-1,1
