Raheem Sterling,27,786873600,1994/12/08,Premier League,2018/2019,Forward,Manchester City,2777,1256,1521,England,34,16,18,17,12,5,10,6,4,0,0,18,7,11,19,9,10,3,0,0.88,0.32,0.55,0.86,0.3,163,0.62,146,82,926,278,0.1,12,14,-1,2
Pierre-Emerick Aubameyang,33,614156400,1989/06/18,Premier League,2018/2019,Forward,Arsenal,2731,1418,1313,Gabon,36,19,17,22,13,9,5,4,1,4,1,8,7,1,40,14,26,0,0,0.89,0.16,0.73,0.83,0.62,124,1.32,68,76,0,546,0,3,88,-1,1
Richarlison de Andrade,25,863247600,1997/05/10,Premier League,2018/2019,Forward,Everton,2679,1283,1396,Brazil,35,17,18,13,7,6,1,1,0,0,0,14,9,5,32,15,17,6,1,0.47,0.03,0.44,0.49,0.39,206,1.08,84,77,383,2679,0.24,28,250,-1,1
Paul Pogba,29,732182400,1993/03/15,Premier League,2018/2019,Midfielder,Manchester United,3011,1517,1494,France,35,18,17,13,10,3,9,4,5,7,3,7,2,5,41,20,21,6,0,0.66,0.27,0.39,0.59,0.18,232,1.23,73,86,502,335,0.18,37,30,-1,1
Rondon,33,621932400,1989/09/16,Premier League,2018/2019,Forward,Newcastle United,2609,1343,1266,Venezuela,32,16,16,11,6,5,7,5,2,0,0,10,5,5,29,14,15,1,0,0.62,0.24,0.38,0.4,0.36,237,1,90,82,2609,373,0.03,40,43,-1,2
Andros Townsend,31,679647600,1991/07/16,Premier League,2018/2019,Midfielder,Crystal Palace,3018,1571,1447,England,38,19,19,6,2,4,4,2,2,0,0,12,7,5,44,20,24,1,0,0.3,0.12,0.18,0.11,0.25,503,1.31,69,79,3018,755,0.03,102,127,-1,3
Pierre-Emile Højbjerg,27,807606000,1995/08/05,Premier League,2018/2019,Midfielder,Southampton,2764,1416,1348,Denmark,31,16,15,4,2,2,3,2,1,0,0,4,1,3,52,23,29,10,2,0.23,0.1,0.13,0.13,0.13,691,1.69,53,89,251,921,0.36,136,148,-1,5
Alexandre Lacazette,31,675414000,1991/05/28,Premier League,2018/2019,Forward,Arsenal,2503,1403,1100,France,35,19,16,13,9,4,8,4,4,0,0,7,7,0,28,10,18,2,0,0.76,0.29,0.47,0.58,0.33,193,1.01,89,72,1252,313,0.07,21,25,-1,2
Raúl Alonso Jiménez Rodríguez,31,673426800,1991/05/05,Premier League,2018/2019,Forward,Wolverhampton Wanderers,3124,1648,1476,Mexico,38,19,19,13,8,5,7,4,3,2,0,9,7,2,39,20,19,4,0,0.58,0.2,0.37,0.44,0.3,240,1.12,80,82,781,446,0.12,42,63,-1,1
Romelu Lukaku,29,737276400,1993/05/13,Premier League,2018/2019,Forward,Manchester United,2130,982,1148,Belgium,32,16,16,12,4,8,0,0,0,0,0,7,2,5,36,14,22,4,0,0.51,0,0.51,0.37,0.63,178,1.52,59,67,533,0,0.17,16,305,-1,2
Aleksandar Mitrović,28,779698800,1994/09/16,Premier League,2018/2019,Forward,Fulham,3282,1616,1666,Serbia,37,18,19,11,8,3,3,2,1,1,0,5,3,2,74,31,43,7,0,0.38,0.08,0.3,0.45,0.16,298,2.03,44,89,469,1094,0.19,62,176,-1,1
Pedro Rodriguez,35,554454000,1987/07/28,Premier League,2018/2019,Midfielder,Chelsea,1780,958,822,Spain,31,15,16,8,6,2,2,2,0,0,0,11,7,4,18,7,11,2,0,0.51,0.1,0.4,0.56,0.22,223,0.91,99,57,890,890,0.1,35,144,-1,2
Roberto Maximiliano Pereyra,31,663235200,1991/01/07,Premier League,2018/2019,Forward,Watford,2825,1467,1358,Argentina,33,17,16,6,5,1,1,0,1,0,0,5,3,2,52,27,25,3,0,0.22,0.03,0.19,0.31,0.07,471,1.66,54,86,942,2825,0.1,97,251,-1,4
André Schürrle,31,657878400,1990/11/06,Premier League,2018/2019,Midfielder,Fulham,1650,829,821,Germany,24,12,12,6,3,3,0,0,0,0,0,1,0,1,42,20,22,2,0,0.33,0,0.33,0.33,0.33,275,2.29,39,69,825,0,0.11,54,417,-1,2
Abdoulaye Doucouré,29,725875200,1993/01/01,Premier League,2018/2019,Midfielder,Watford,3062,1566,1496,France,35,18,17,5,3,2,6,2,4,0,0,5,3,2,54,27,27,7,0,0.32,0.18,0.15,0.17,0.12,612,1.59,57,87,437,510,0.21,124,80,-1,5
Rúben Diogo Da Silva Neves,25,858240000,1997/03/13,Premier League,2018/2019,Midfielder,Wolverhampton Wanderers,3009,1451,1558,Portugal,35,17,18,4,3,1,3,2,1,2,0,8,6,2,40,19,21,8,0,0.21,0.09,0.12,0.19,0.06,752,1.2,75,86,376,1003,0.24,145,162,-1,3
Roberto Firmino,31,686386800,1991/10/02,Premier League,2018/2019,Forward,Liverpool,2620,1347,1273,Brazil,34,16,18,12,7,5,6,3,3,1,0,18,9,9,13,7,6,0,0,0.62,0.21,0.41,0.47,0.35,218,0.45,202,77,0,437,0,32,62,-1,3
Andre Gray,31,677919600,1991/06/26,Premier League,2018/2019,Forward,Watford,1358,809,549,England,29,15,14,7,5,2,2,2,0,0,0,5,3,2,23,16,7,2,0,0.6,0.13,0.46,0.56,0.33,194,1.52,59,47,679,679,0.13,25,109,-1,3
Aaron Ramsey,31,662198400,1990/12/26,Premier League,2018/2019,Midfielder,Arsenal,1327,689,638,Wales,28,14,14,4,2,2,6,5,1,0,0,7,6,1,12,2,10,0,0,0.68,0.41,0.27,0.26,0.28,332,0.81,111,47,0,221,0,69,8,-1,5
Riyad Mahrez,31,667123200,1991/02/21,Premier League,2018/2019,Midfielder,Manchester City,1339,647,692,Algeria,27,14,13,7,1,6,4,2,2,0,1,13,6,7,9,4,5,0,0,0.74,0.27,0.47,0.14,0.78,191,0.6,149,50,0,335,0,22,32,-1,6
Ruben Loftus-Cheek,26,822384000,1996/01/23,Premier League,2018/2019,Midfielder,Chelsea,983,507,476,England,24,12,12,6,3,3,2,2,0,0,0,12,9,3,8,2,6,0,0,0.73,0.18,0.55,0.53,0.57,164,0.73,123,41,0,492,0,11,83,-1,3
Alvaro Morata,30,719823600,1992/10/23,Premier League,2018/2019,Forward,Chelsea,943,530,413,Spain,16,8,8,5,3,2,0,0,0,0,0,9,4,5,11,6,5,3,0,0.48,0,0.48,0.51,0.44,189,1.05,86,59,314,0,0.29,20,338,-1,4
