Pierre-Emerick Aubameyang,Gabon,Forward,22
Raheem Sterling,England,Forward,17
Paul Pogba,France,Midfielder,13
Richarlison de Andrade,Brazil,Forward,13
Alexandre Lacazette,France,Forward,13
Raúl Alonso Jiménez Rodríguez,Mexico,Forward,13
Romelu Lukaku,Belgium,Forward,12
Roberto Firmino,Brazil,Forward,12
Rondon,Venezuela,Forward,11
Aleksandar Mitrović,Serbia,Forward,11
Pedro Rodriguez,Spain,Midfielder,8
Riyad Mahrez,Algeria,Midfielder,7
Andre Gray,England,Forward,7
Andros Townsend,England,Midfielder,6
André Schürrle,Germany,Midfielder,6
Ruben Loftus-Cheek,England,Midfielder,6
Roberto Maximiliano Pereyra,Argentina,Forward,6
Abdoulaye Doucouré,France,Midfielder,5
Alvaro Morata,Spain,Forward,5
Pierre-Emile Højbjerg,Denmark,Midfielder,4
Rúben Diogo Da Silva Neves,Portugal,Midfielder,4
Aaron Ramsey,Wales,Midfielder,4
Patrick van Aanholt,Netherlands,Defender,3
Pascal Groß,Germany,Midfielder,3
Aaron Mooy,Australia,Midfielder,3
Ross Barkley,England,Midfielder,3
Alex Iwobi,Nigeria,Forward,3
Aboubakar Kamara,France,Forward,3
Ricardo Domingos Barbosa Pereira,Portugal,Defender,2
Onyinye Wilfred Ndidi,Nigeria,Midfielder,2
Robert Snodgrass,Scotland,Midfielder,2
Philip Billing,Denmark,Midfielder,2
Alex Pritchard,England,Midfielder,2
Romain Saïss,Morocco,Midfielder,2
Ander Herrera,Spain,Midfielder,2
Olivier Giroud,France,Forward,2
Andriy Yarmolenko,Ukraine,Forward,2
Ryan Bennett,England,Defender,1
Adam Smith,England,Defender,1
Ryan Bertrand,England,Defender,1
Phil Jagielka,England,Defender,1
André Filipe Tavares Gomes,Portugal,Midfielder,1
Oriol Romeu,Spain,Midfielder,1
Aaron Lennon,England,Midfielder,1
Ainsley Maitland-Niles,England,Midfielder,1
Andreas Pereira,Brazil,Midfielder,1
Robert Kenedy Nunes do Nascimento,Brazil,Midfielder,1
Adama Traoré Diarra,Spain,Midfielder,1
Philip Foden,England,Midfielder,1
Rachid Ghezzal,Algeria,Forward,1
Alexis Sanchez,Chile,Forward,1
Alisson Becker,Brazil,Goalkeeper,0
Rui Pedro dos Santos Patrício,Portugal,Goalkeeper,0
Alex McCarthy,England,Goalkeeper,0
Petr Čech,Czech Republic,Goalkeeper,0
Paulo Dino Gazzaniga,Argentina,Goalkeeper,0
Alfie Whiteman,England,Goalkeeper,0
Alex Smithies,England,Goalkeeper,0
Adrián San Miguel del Castillo,Spain,Goalkeeper,0
Pape N'Diaye Souaré,Senegal,Defender,0
Andrew Robertson,Scotland,Defender,0
Paul Dummett,Wales,Defender,0
Adrian Mariappa,Jamaica,Defender,0
Phil Bardsley,Scotland,Defender,0
Alfie Mawson,England,Defender,0
Pablo Zabaleta,Argentina,Defender,0
Aaron Cresswell,England,Defender,0
Rob Holding,England,Defender,0
Adam Masina,Italy,Defender,0
Rúben Gonçalo Silva Nascimento Vinagre,Portugal,Defender,0
Andreas Christensen,Denmark,Defender,0
Phil Jones,England,Defender,0
Alberto Moreno,Spain,Defender,0
Philippe Sandler,Netherlands,Defender,0
Ali Koiki,England,Defender,0
Alfie Jones,England,Defender,0
Oliver Skipp,England,Midfielder,0
Alex Oxlade-Chamberlain,England,Midfielder,0
André-Frank Zambo Anguissa,Cameroon,Midfielder,0
Aaron Wan-Bissaka,England,Midfielder,0
Andrew Surman,England,Midfielder,0
Adam David Lallana,England,Midfielder,0
Rajiv van La Parra,Netherlands,Midfielder,0
Adrien Sebastian Perruchet Silva,Portugal,Midfielder,0
Pedro Obiang,Equatorial Guinea,Midfielder,0
Robbie Brady,Republic of Ireland,Midfielder,0
Abdelhamid Sabiri,Morocco,Midfielder,0
Rafael Euclides Soares Camacho,Portugal,Midfielder,0
Alireza Jahanbakhsh,Iran,Forward,0
Oumar Niasse,Senegal,Forward,0
Adama Diakhaby,France,Forward,0
Peter Crouch,England,Forward,0
Alexander Sørloth,Norway,Forward,0
Rhys Healey,England,Forward,0
Ademola Lookman,England,Forward,0
Aaron Rowe,England,Forward,0
Ramadan Sobhi,Egypt,Forward,0
Alexandre Nascimento Costa Silva,Portugal,Forward,0
Adalberto Peñaranda Maestre,Venezuela,Forward,0
