Mohamed Salah,Egypt,Forward,22
Pierre-Emerick Aubameyang,Gabon,Forward,22
Jamie Vardy,England,Forward,18
Raheem Sterling,England,Forward,17
Harry Kane,England,Forward,17
Gylfi Sigurdsson,Iceland,Midfielder,13
Paul Pogba,France,Midfielder,13
Luka Milivojević,Serbia,Midfielder,12
Joshua King,Norway,Forward,12
Heung-Min Son,South Korea,Forward,12
Leroy Sané,Germany,Midfielder,10
Lucas Rodrigues Moura da Silva,Brazil,Midfielder,10
Marko Arnautović,Austria,Forward,10
Marcus Rashford,England,Forward,10
Pedro Rodriguez,Spain,Midfielder,8
James Ward-Prowse,England,Midfielder,7
James Maddison,England,Midfielder,7
Javier Hernandez,Mexico,Forward,7
Nathan Redmond,England,Midfielder,6
Michail Antonio,England,Midfielder,6
İlkay Gündoğan,Germany,Midfielder,6
Henrikh Mkhitaryan,Armenia,Midfielder,6
Mesut Özil,Germany,Midfielder,5
Mark Noble,England,Midfielder,5
James Milner,England,Midfielder,5
Michy Batshuayi,Belgium,Forward,5
Nathan Aké,Netherlands,Defender,4
Lucas Digne,France,Defender,4
Matt Doherty,Republic of Ireland,Defender,4
Jeffrey Schlupp,Ghana,Defender,4
N'Golo Kanté,France,Midfielder,4
Pierre-Emile Højbjerg,Denmark,Midfielder,4
Granit Xhaka,Switzerland,Midfielder,4
Jesse Lingard,England,Midfielder,4
Nathaniel Mendez-Laing,England,Midfielder,4
Karlan Ahearne-Grant,England,Forward,4
José Holebas,Greece,Defender,3
Patrick van Aanholt,Netherlands,Defender,3
James Tarkowski,England,Defender,3
Mathias Jattah-Njie Jørgensen,Denmark,Defender,3
Harry Maguire,England,Defender,3
Laurent Koscielny,France,Defender,3
James McArthur,Scotland,Midfielder,3
Pascal Groß,Germany,Midfielder,3
Jeff Hendrick,Republic of Ireland,Midfielder,3
Johann Berg Guðmunds­son,Iceland,Midfielder,3
Juan Mata,Spain,Midfielder,3
Josh Murphy,England,Forward,3
Ivan Ricardo Neves Abreu Cavaleiro,Portugal,Forward,3
Lucas Perez,Spain,Forward,3
Kurt Zouma,France,Defender,2
Marcos Alonso,Spain,Defender,2
Lewis Dunk,England,Defender,2
Jorginho,Italy,Midfielder,2
Onyinye Wilfred Ndidi,Nigeria,Midfielder,2
Matt Ritchie,Scotland,Midfielder,2
Jefferson Lerma,Colombia,Midfielder,2
Lucas Torreira,Uruguay,Midfielder,2
Philip Billing,Denmark,Midfielder,2
Junior Stanislas,England,Midfielder,2
Naby Deco Keïta,Guinea,Midfielder,2
Leander Dendoncker,Belgium,Midfielder,2
Kevin De Bruyne,Belgium,Midfielder,2
Marc Albrighton,England,Midfielder,2
Jürgen Locadia,Netherlands,Forward,2
José Luis Sanmartín Mato,Spain,Forward,2
Olivier Giroud,France,Forward,2
Luke Shaw,England,Defender,1
Kieran Trippier,England,Defender,1
Michael Keane,England,Defender,1
James Tomkins,England,Defender,1
Matt Targett,England,Defender,1
Jonny,Spain,Defender,1
Kyle Walker,England,Defender,1
Issa Diop,France,Defender,1
Jack Stephens,England,Defender,1
Nacho Monreal,Spain,Defender,1
Jonny Evans,Northern Ireland,Defender,1
Jan Vertonghen,Belgium,Defender,1
Jon Gorenc Stankovič,Slovenia,Defender,1
Joel Matip,Cameroon,Defender,1
Joel Ward,England,Defender,1
Juan Marcos Foyth,Argentina,Defender,1
Phil Jagielka,England,Defender,1
Leon Balogun,Nigeria,Defender,1
Oriol Romeu,Spain,Midfielder,1
Jack Cork,England,Midfielder,1
Jean Michau00ebl Seri,Ivory Coast,Midfielder,1
Nemanja Matić,Serbia,Midfielder,1
João Moutinho,Portugal,Midfielder,1
Isaac Hayden,England,Midfielder,1
Jordan Henderson,England,Midfielder,1
Mario Lemina,Gabon,Midfielder,1
Juninho Bacuna,Netherlands,Midfielder,1
Hélder Wander Sousa Azevedo Costa,Portugal,Midfielder,1
Max Meyer,Germany,Midfielder,1
Jordon Ibe,England,Midfielder,1
Harry Winks,England,Midfielder,1
Harvey Lewis Barnes,England,Midfielder,1
Jonjo Shelvey,England,Midfielder,1
Manuel Lanzini,Argentina,Midfielder,1
Philip Foden,England,Midfielder,1
Kadeem Harris,England,Midfielder,1
Ken Sema,Sweden,Midfielder,1
Luciano Vietto,Argentina,Forward,1
Isaac Mbenza,Belgium,Forward,1
Isaac Ajayi Success,Nigeria,Forward,1
Kelechi Iheanacho,Nigeria,Forward,1
Rachid Ghezzal,Algeria,Forward,1
Manolo Gabbiadini,Italy,Forward,1
Jordan Ayew,Ghana,Forward,1
Kenneth Dahrup Zohorè,Denmark,Forward,1
Lys Mousset,France,Forward,1
Matěj Vydra,Czech Republic,Forward,1
Michael Obafemi,Republic of Ireland,Forward,1
John Ruddy,England,Goalkeeper,0
Michel Vorm,Netherlands,Goalkeeper,0
Julián Speroni,Argentina,Goalkeeper,0
Jordan Pickford,England,Goalkeeper,0
Kepa Arrizabalaga,Spain,Goalkeeper,0
Hugo Lloris,France,Goalkeeper,0
Martin Dúbravka,Slovakia,Goalkeeper,0
Kasper Schmeichel,Denmark,Goalkeeper,0
Neil Leonard Dula Etheridge,Philippines,Goalkeeper,0
Joel Coleman,England,Goalkeeper,0
Mathew Ryan,Australia,Goalkeeper,0
Joe Hart,England,Goalkeeper,0
Jonas Lössl,Denmark,Goalkeeper,0
Petr Čech,Czech Republic,Goalkeeper,0
Mark Travers,Republic of Ireland,Goalkeeper,0
Paulo Dino Gazzaniga,Argentina,Goalkeeper,0
Marcus Bettinelli,England,Goalkeeper,0
Maarten Stekelenburg,Netherlands,Goalkeeper,0
Loris Karius,Germany,Goalkeeper,0
Lee Grant,England,Goalkeeper,0
Karl Darlow,England,Goalkeeper,0
Joe Daniel Tupper,England,Goalkeeper,0
Jason Steele,England,Goalkeeper,0
Heurelho da Silva Gomes,Brazil,Goalkeeper,0
Max Kilman,England,Defender,0
Pape N'Diaye Souaré,Senegal,Defender,0
Mamadou Sakho,France,Defender,0
Paul Dummett,Wales,Defender,0
Phil Bardsley,Scotland,Defender,0
Matthew Lowton,England,Defender,0
Jannik Vestergaard,Denmark,Defender,0
Jamal Lascelles,England,Defender,0
Lee Peltier,England,Defender,0
Martin Kelly,England,Defender,0
John Stones,England,Defender,0
Joe Bennett,England,Defender,0
Joe Bryan,England,Defender,0
Maxime Le Marchand,France,Defender,0
Pablo Zabaleta,Argentina,Defender,0
Maya Yoshida,Japan,Defender,0
Greg Cunningham,Republic of Ireland,Defender,0
Martín Montoya,Spain,Defender,0
Jan Bednarek,Poland,Defender,0
Hector Bellerin,Spain,Defender,0
José Diogo Dalot Teixeira,Portugal,Defender,0
Joe Gomez,England,Defender,0
Nicolas Otamendi,Argentina,Defender,0
Nathaniel Clyne,England,Defender,0
Javier Manquillo Gaitán,Spain,Defender,0
Jack Simpson,England,Defender,0
Matteo Darmian,Italy,Defender,0
Miguel Ángel Britos Cabrera,Uruguay,Defender,0
Jonjoe Kenny,England,Defender,0
Leighton Baines,England,Defender,0
Jazz Richards,Wales,Defender,0
Konstantinos Mavropanos,Greece,Defender,0
Phil Jones,England,Defender,0
Kyle Walker-Peters,England,Defender,0
Kevin Long,Republic of Ireland,Defender,0
Mason Holgate,England,Defender,0
Marc Navarro Ceciliano,Spain,Defender,0
Philippe Sandler,Netherlands,Defender,0
Nikola Tavares,England,Defender,0
Matthew Connolly,England,Defender,0
Markus Suttner,Austria,Defender,0
Marc Guehi,England,Defender,0
Lewis Cass,England,Defender,0
Kortney Hause,England,Defender,0
Josh Knight,England,Defender,0
Jamie Sterry,England,Defender,0
James Garner,England,Defender,0
Jaïro Riedewald,Netherlands,Defender,0
Oliver Skipp,England,Midfielder,0
James McCarthy,Republic of Ireland,Midfielder,0
Kayne Ramsey,England,Midfielder,0
Joe Ralls,England,Midfielder,0
Nampalys Mendy,France,Midfielder,0
Mohamed Diamé,Senegal,Midfielder,0
Moussa Sissoko,France,Midfielder,0
Idrissa Gana Gueye,Senegal,Midfielder,0
Harry Arter,Republic of Ireland,Midfielder,0
Mattéo Guendouzi Olié,France,Midfielder,0
Leandro Bacuna,Curaçao,Midfielder,0
Mateo Kovačić,Croatia,Midfielder,0
Jonathan Hogg,England,Midfielder,0
Miguel Ángel Almirón Rejala,Paraguay,Midfielder,0
Lewis Cook,England,Midfielder,0
Marouane Fellaini,Belgium,Midfielder,0
Mohamed Elyounoussi,Norway,Midfielder,0
Hamza Choudhury,England,Midfielder,0
Jason Puncheon,England,Midfielder,0
Oleksandr Zinchenko,Ukraine,Midfielder,0
Moussa Dembele,Belgium,Midfielder,0
Kevin McDonald,Scotland,Midfielder,0
Mohamed Elneny,Egypt,Midfielder,0
Nathaniel Chalobah,England,Midfielder,0
Grady Diangana,England,Midfielder,0
Pedro Obiang,Equatorial Guinea,Midfielder,0
Morgan Schneiderlin,France,Midfielder,0
Morgan Gibbs-White,England,Midfielder,0
Joshua Sims,England,Midfielder,0
Jack Wilshere,England,Midfielder,0
Håvard Nordtveit,Norway,Midfielder,0
Jacob Murphy,England,Midfielder,0
Ibrahima Cissé,Belgium,Midfielder,0
Mason Greenwood,England,Midfielder,0
Loïc Damour,France,Midfielder,0
Matty Daly,England,Midfielder,0
Neeskens Kebano,Congo DR,Midfielder,0
Lazar Marković,Serbia,Midfielder,0
Joseph Willock,England,Midfielder,0
Luke Amos,England,Midfielder,0
Rafael Euclides Soares Camacho,Portugal,Midfielder,0
Nnamdi Ofoborh,England,Midfielder,0
Nathan Holland,England,Midfielder,0
Max Harrison Sanders,England,Midfielder,0
Matt Butcher,England,Midfielder,0
Marc Pugh,England,Midfielder,0
Luke Dreher,England,Midfielder,0
Luca de la Torre,USA,Midfielder,0
Kyle Taylor,England,Midfielder,0
Kieran Dowell,England,Midfielder,0
Kelland Watts,England,Midfielder,0
Josh Benson,England,Midfielder,0
Jayson Molumby,Republic of Ireland,Midfielder,0
Oumar Niasse,Senegal,Forward,0
Laurent Depoitre,Belgium,Forward,0
Peter Crouch,England,Forward,0
Jermain Defoe,England,Forward,0
Jose Izquierdo,Colombia,Forward,0
Leonardo Bonatini Lohner Maia,Brazil,Forward,0
Kazaiah Sterling,England,Forward,0
Jonathan Walters,Republic of Ireland,Forward,0
Joe Powell,England,Forward,0
