Sadio Mané,Senegal,Forward,22
Mohamed Salah,Egypt,Forward,22
Pierre-Emerick Aubameyang,Gabon,Forward,22
Sergio Aguero,Argentina,Forward,21
Jamie Vardy,England,Forward,18
Raheem Sterling,England,Forward,17
Harry Kane,England,Forward,17
Eden Hazard,Belgium,Midfielder,16
Callum Wilson,England,Forward,14
Gylfi Sigurdsson,Iceland,Midfielder,13
Paul Pogba,France,Midfielder,13
Richarlison de Andrade,Brazil,Forward,13
Alexandre Lacazette,France,Forward,13
Raúl Alonso Jiménez Rodríguez,Mexico,Forward,13
Glenn Murray,England,Forward,13
Luka Milivojević,Serbia,Midfielder,12
Ayoze Perez,Spain,Forward,12
Joshua King,Norway,Forward,12
Heung-Min Son,South Korea,Forward,12
Ashley Barnes,England,Forward,12
Romelu Lukaku,Belgium,Forward,12
Roberto Firmino,Brazil,Forward,12
Rondon,Venezuela,Forward,11
Aleksandar Mitrović,Serbia,Forward,11
Wilfried Zaha,Ivory Coast,Midfielder,10
Leroy Sané,Germany,Midfielder,10
Lucas Rodrigues Moura da Silva,Brazil,Midfielder,10
Marko Arnautović,Austria,Forward,10
Marcus Rashford,England,Forward,10
Chris Wood,New Zealand,Forward,10
Gerard Deulofeu,Spain,Forward,10
Anthony Martial,France,Forward,10
Diogo José Teixeira da Silva,Portugal,Midfielder,9
Felipe Anderson Pereira Gomes,Brazil,Midfielder,9
Troy Deeney,England,Forward,9
Christian Eriksen,Denmark,Midfielder,8
Pedro Rodriguez,Spain,Midfielder,8
Ryan Fraser,Scotland,Midfielder,7
Bernardo Silva,Portugal,Midfielder,7
James Ward-Prowse,England,Midfielder,7
James Maddison,England,Midfielder,7
Riyad Mahrez,Algeria,Midfielder,7
David Brooks,England,Forward,7
Daniel William John Ings,England,Forward,7
Gabriel Jesus,Brazil,Forward,7
Andre Gray,England,Forward,7
Javier Hernandez,Mexico,Forward,7
Andros Townsend,England,Midfielder,6
Nathan Redmond,England,Midfielder,6
Michail Antonio,England,Midfielder,6
André Schürrle,Germany,Midfielder,6
David Silva,Spain,Midfielder,6
İlkay Gündoğan,Germany,Midfielder,6
Henrikh Mkhitaryan,Armenia,Midfielder,6
Xherdan Shaqiri,Switzerland,Midfielder,6
Ruben Loftus-Cheek,England,Midfielder,6
Dominic Calvert-Lewin,England,Forward,6
Roberto Maximiliano Pereyra,Argentina,Forward,6
Shane Duffy,Republic of Ireland,Defender,5
Víctor Camarasa,Spain,Midfielder,5
Mesut Özil,Germany,Midfielder,5
Abdoulaye Doucouré,France,Midfielder,5
Mark Noble,England,Midfielder,5
Bobby Reid,England,Midfielder,5
Dele Alli,England,Midfielder,5
James Milner,England,Midfielder,5
Theo Walcott,England,Forward,5
Ryan Guno Babel,Netherlands,Forward,5
Gonzalo Higuain,Argentina,Forward,5
Shane Long,Republic of Ireland,Forward,5
Alvaro Morata,Spain,Forward,5
Michy Batshuayi,Belgium,Forward,5
Nathan Aké,Netherlands,Defender,4
Lucas Digne,France,Defender,4
Virgil van Dijk,Netherlands,Defender,4
Fabian Schär,Switzerland,Defender,4
Callum Paterson,Scotland,Defender,4
Souleymane Bamba,Ivory Coast,Defender,4
Willy Boly,France,Defender,4
Matt Doherty,Republic of Ireland,Defender,4
Jeffrey Schlupp,Ghana,Defender,4
N'Golo Kanté,France,Midfielder,4
Pierre-Emile Højbjerg,Denmark,Midfielder,4
Granit Xhaka,Switzerland,Midfielder,4
Rúben Diogo Da Silva Neves,Portugal,Midfielder,4
Demarai Gray,England,Midfielder,4
Aaron Ramsey,Wales,Midfielder,4
Jesse Lingard,England,Midfielder,4
Erik Lamela,Argentina,Midfielder,4
Nathaniel Mendez-Laing,England,Midfielder,4
Karlan Ahearne-Grant,England,Forward,4
David Luiz,Brazil,Defender,3
Aymeric Laporte,France,Defender,3
José Holebas,Greece,Defender,3
Patrick van Aanholt,Netherlands,Defender,3
James Tarkowski,England,Defender,3
Mathias Jattah-Njie Jørgensen,Denmark,Defender,3
Craig Cathcart,Northern Ireland,Defender,3
Harry Maguire,England,Defender,3
Laurent Koscielny,France,Defender,3
Wes Morgan,Jamaica,Defender,3
Ciaran Clark,Republic of Ireland,Defender,3
James McArthur,Scotland,Midfielder,3
Pascal Groß,Germany,Midfielder,3
Aaron Mooy,Australia,Midfielder,3
Jeff Hendrick,Republic of Ireland,Midfielder,3
Georginio Wijnaldum,Netherlands,Midfielder,3
Johann Berg Guðmunds­son,Iceland,Midfielder,3
Ross Barkley,England,Midfielder,3
Stuart Armstrong,Scotland,Midfielder,3
Juan Mata,Spain,Midfielder,3
Youri Tielemans,Belgium,Midfielder,3
Eric Dier,England,Midfielder,3
Dwight McNeil,England,Forward,3
Willian,Brazil,Forward,3
David Junior Hoilett,Canada,Forward,3
Josh Murphy,England,Forward,3
Alex Iwobi,Nigeria,Forward,3
Cenk Tosun,Turkey,Forward,3
Ivan Ricardo Neves Abreu Cavaleiro,Portugal,Forward,3
Sam Vokes,Wales,Forward,3
Florin Andone,Romania,Forward,3
Aboubakar Kamara,France,Forward,3
Lucas Perez,Spain,Forward,3
Divock Origi,Belgium,Forward,3
Ricardo Domingos Barbosa Pereira,Portugal,Defender,2
Séamus Coleman,Republic of Ireland,Defender,2
Kurt Zouma,France,Defender,2
Calum Chambers,England,Defender,2
Ryan Sessegnon,England,Defender,2
Marcos Alonso,Spain,Defender,2
Lewis Dunk,England,Defender,2
Shkodran Mustafi,Germany,Defender,2
Yann Valery,France,Defender,2
Jorginho,Italy,Midfielder,2
Onyinye Wilfred Ndidi,Nigeria,Midfielder,2
Matt Ritchie,Scotland,Midfielder,2
Robert Snodgrass,Scotland,Midfielder,2
Ashley Young,England,Midfielder,2
Jefferson Lerma,Colombia,Midfielder,2
Lucas Torreira,Uruguay,Midfielder,2
Declan Rice,Republic of Ireland,Midfielder,2
Anthony Knockaert,France,Midfielder,2
Will Hughes,England,Midfielder,2
Philip Billing,Denmark,Midfielder,2
Alex Pritchard,England,Midfielder,2
Ashley Westwood,England,Midfielder,2
Dan Gosling,England,Midfielder,2
Junior Stanislas,England,Midfielder,2
Naby Deco Keïta,Guinea,Midfielder,2
Leander Dendoncker,Belgium,Midfielder,2
Romain Saïss,Morocco,Midfielder,2
Scott McTominay,England,Midfielder,2
Kevin De Bruyne,Belgium,Midfielder,2
Marc Albrighton,England,Midfielder,2
Ander Herrera,Spain,Midfielder,2
Steve Mounié,Benin,Forward,2
Jürgen Locadia,Netherlands,Forward,2
José Luis Sanmartín Mato,Spain,Forward,2
Olivier Giroud,France,Forward,2
Charlie Austin,England,Forward,2
Daniel Sturridge,England,Forward,2
Andriy Yarmolenko,Ukraine,Forward,2
Cesar Azpilicueta,Spain,Defender,1
Trent Alexander-Arnold,England,Defender,1
Luke Shaw,England,Defender,1
Kieran Trippier,England,Defender,1
Ryan Bennett,England,Defender,1
Antonio Rüdiger,Germany,Defender,1
Michael Keane,England,Defender,1
James Tomkins,England,Defender,1
Matt Targett,England,Defender,1
Jonny,Spain,Defender,1
Angelo Ogbonna,Italy,Defender,1
Adam Smith,England,Defender,1
Victor Nilsson Lindelöf,Sweden,Defender,1
Kyle Walker,England,Defender,1
Issa Diop,France,Defender,1
Charlie Daniels,England,Defender,1
Ryan Bertrand,England,Defender,1
Jack Stephens,England,Defender,1
Sean Morrison,England,Defender,1
Sokratis Papastathopoulos,Greece,Defender,1
DeAndre Yedlin,USA,Defender,1
Steve Cook,England,Defender,1
Terence Kongolo,Netherlands,Defender,1
Christopher Schindler,Germany,Defender,1
Fabián Cornelio Balbuena González,Paraguay,Defender,1
Chris Smalling,England,Defender,1
Nacho Monreal,Spain,Defender,1
Cedric Soares,Portugal,Defender,1
Davinson Sánchez Mina,Colombia,Defender,1
Jonny Evans,Northern Ireland,Defender,1
Jan Vertonghen,Belgium,Defender,1
Jon Gorenc Stankovič,Slovenia,Defender,1
Joel Matip,Cameroon,Defender,1
Joel Ward,England,Defender,1
Yerry Fernando Mina González,Colombia,Defender,1
Juan Marcos Foyth,Argentina,Defender,1
Vincent Kompany,Belgium,Defender,1
Dejan Lovren,Croatia,Defender,1
Phil Jagielka,England,Defender,1
Leon Balogun,Nigeria,Defender,1
Ben Gibson,England,Defender,1
Danilo,Brazil,Defender,1
André Filipe Tavares Gomes,Portugal,Midfielder,1
Oriol Romeu,Spain,Midfielder,1
Etienne Capoue,France,Midfielder,1
Solomon March,England,Midfielder,1
Jack Cork,England,Midfielder,1
Jean Michau00ebl Seri,Ivory Coast,Midfielder,1
Aron Einar Gunnarsson,Iceland,Midfielder,1
Francisco Femenía Far,Spain,Midfielder,1
Tom Cairney,Scotland,Midfielder,1
Nemanja Matić,Serbia,Midfielder,1
João Moutinho,Portugal,Midfielder,1
Isaac Hayden,England,Midfielder,1
Jordan Henderson,England,Midfielder,1
Bernard Anício Caldeira Duarte,Brazil,Midfielder,1
Davy Pröpper,Netherlands,Midfielder,1
Dale Stephens,England,Midfielder,1
Mario Lemina,Gabon,Midfielder,1
Juninho Bacuna,Netherlands,Midfielder,1
Fernando Luiz Rosa,Brazil,Midfielder,1
Fabinho,Brazil,Midfielder,1
Aaron Lennon,England,Midfielder,1
Frederico Rodrigues Santos,Brazil,Midfielder,1
Christian Atsu Twasam,Ghana,Midfielder,1
Ryan Fredericks,England,Midfielder,1
Hélder Wander Sousa Azevedo Costa,Portugal,Midfielder,1
Max Meyer,Germany,Midfielder,1
Jordon Ibe,England,Midfielder,1
Ainsley Maitland-Niles,England,Midfielder,1
Harry Winks,England,Midfielder,1
Andreas Pereira,Brazil,Midfielder,1
Harvey Lewis Barnes,England,Midfielder,1
Robert Kenedy Nunes do Nascimento,Brazil,Midfielder,1
Adama Traoré Diarra,Spain,Midfielder,1
Beram Kayal,Israel,Midfielder,1
Jonjo Shelvey,England,Midfielder,1
Manuel Lanzini,Argentina,Midfielder,1
Floyd Ayité,Togo,Midfielder,1
Philip Foden,England,Midfielder,1
Victor Wanyama,Kenya,Midfielder,1
Kadeem Harris,England,Midfielder,1
Sean Longstaff,England,Midfielder,1
Domingos Quina,Portugal,Midfielder,1
Ken Sema,Sweden,Midfielder,1
Tom Cleverley,England,Midfielder,1
Luciano Vietto,Argentina,Forward,1
Isaac Mbenza,Belgium,Forward,1
Isaac Ajayi Success,Nigeria,Forward,1
Kelechi Iheanacho,Nigeria,Forward,1
Rachid Ghezzal,Algeria,Forward,1
Manolo Gabbiadini,Italy,Forward,1
Danny Ward,England,Forward,1
Jordan Ayew,Ghana,Forward,1
Christian Benteke,Belgium,Forward,1
Kenneth Dahrup Zohorè,Denmark,Forward,1
Lys Mousset,France,Forward,1
Yoshinori Muto,Japan,Forward,1
Fernando Llorente Torres,Spain,Forward,1
Alexis Sanchez,Chile,Forward,1
Danny Welbeck,England,Forward,1
Matěj Vydra,Czech Republic,Forward,1
Michael Obafemi,Republic of Ireland,Forward,1
Edward Nketiah,England,Forward,1
Wilfredo Daniel Caballero,Argentina,Goalkeeper,0
John Ruddy,England,Goalkeeper,0
Will Norris,England,Goalkeeper,0
Michel Vorm,Netherlands,Goalkeeper,0
Julián Speroni,Argentina,Goalkeeper,0
Fraser Forster,England,Goalkeeper,0
Alisson Becker,Brazil,Goalkeeper,0
Jordan Pickford,England,Goalkeeper,0
Kepa Arrizabalaga,Spain,Goalkeeper,0
Hugo Lloris,France,Goalkeeper,0
Martin Dúbravka,Slovakia,Goalkeeper,0
Ederson,Brazil,Goalkeeper,0
Kasper Schmeichel,Denmark,Goalkeeper,0
Neil Leonard Dula Etheridge,Philippines,Goalkeeper,0
Joel Coleman,England,Goalkeeper,0
Rui Pedro dos Santos Patrício,Portugal,Goalkeeper,0
Bernd Leno,Germany,Goalkeeper,0
Ben Foster,England,Goalkeeper,0
Łukasz Fabiański,Poland,Goalkeeper,0
David de Gea,Spain,Goalkeeper,0
Mathew Ryan,Australia,Goalkeeper,0
Sergio Rico,Spain,Goalkeeper,0
Asmir Begović,Bosnia and Herzegovina,Goalkeeper,0
Tom Heaton,England,Goalkeeper,0
Alex McCarthy,England,Goalkeeper,0
Joe Hart,England,Goalkeeper,0
Vicente Guaita,Spain,Goalkeeper,0
Wayne Hennessey,Wales,Goalkeeper,0
Artur Boruc,Poland,Goalkeeper,0
Ben Hamer,England,Goalkeeper,0
Jonas Lössl,Denmark,Goalkeeper,0
Angus Gunn,England,Goalkeeper,0
Petr Čech,Czech Republic,Goalkeeper,0
David Button,England,Goalkeeper,0
Mark Travers,Republic of Ireland,Goalkeeper,0
Paulo Dino Gazzaniga,Argentina,Goalkeeper,0
Marcus Bettinelli,England,Goalkeeper,0
Fabricio Martín Agosto Ramírez,Spain,Goalkeeper,0
Simon Mignolet,Belgium,Goalkeeper,0
Sergio Germán Romero,Argentina,Goalkeeper,0
Ryan Schofield,England,Goalkeeper,0
Maarten Stekelenburg,Netherlands,Goalkeeper,0
Loris Karius,Germany,Goalkeeper,0
Lee Grant,England,Goalkeeper,0
Karl Darlow,England,Goalkeeper,0
Joe Daniel Tupper,England,Goalkeeper,0
Jason Steele,England,Goalkeeper,0
Heurelho da Silva Gomes,Brazil,Goalkeeper,0
Freddie Woodman,England,Goalkeeper,0
Danny Ward,Wales,Goalkeeper,0
Damián Emiliano Martínez,Argentina,Goalkeeper,0
Claudio Andrés Bravo Muñoz,Chile,Goalkeeper,0
Brian Murphy,Republic of Ireland,Goalkeeper,0
Arijanet Muric,Montenegro,Goalkeeper,0
Alfie Whiteman,England,Goalkeeper,0
Alex Smithies,England,Goalkeeper,0
Adrián San Miguel del Castillo,Spain,Goalkeeper,0
Davide Zappacosta,Italy,Defender,0
Gary Cahill,England,Defender,0
Demeaco Duhaney,England,Defender,0
Sebastian Prödl,Austria,Defender,0
Max Kilman,England,Defender,0
Pape N'Diaye Souaré,Senegal,Defender,0
Toby Alderweireld,Belgium,Defender,0
Andrew Robertson,Scotland,Defender,0
Ben Davies,Wales,Defender,0
Mamadou Sakho,France,Defender,0
Paul Dummett,Wales,Defender,0
Adrian Mariappa,Jamaica,Defender,0
Tim Ream,USA,Defender,0
Christian Kabasele,Belgium,Defender,0
Phil Bardsley,Scotland,Defender,0
Matthew Lowton,England,Defender,0
Florent Hadergjonaj,Switzerland,Defender,0
Jannik Vestergaard,Denmark,Defender,0
Ben Chilwell,England,Defender,0
Alfie Mawson,England,Defender,0
Jamal Lascelles,England,Defender,0
Bruno Écuélé Manga,Gabon,Defender,0
Tom Smith,England,Defender,0
Lee Peltier,England,Defender,0
Gaëtan Bong Songo,Cameroon,Defender,0
Sead Kolašinac,Bosnia and Herzegovina,Defender,0
Wesley Hoedt,Netherlands,Defender,0
Martin Kelly,England,Defender,0
Stephan Lichtsteiner,Switzerland,Defender,0
Ben Mee,England,Defender,0
Simon Francis,England,Defender,0
Chris Löwe,Germany,Defender,0
John Stones,England,Defender,0
Joe Bennett,England,Defender,0
Charlie Taylor,England,Defender,0
Arthur Masuaku,France,Defender,0
Joe Bryan,England,Defender,0
Cyrus Christie,Republic of Ireland,Defender,0
Maxime Le Marchand,France,Defender,0
Pablo Zabaleta,Argentina,Defender,0
Bernardo,Brazil,Defender,0
Aaron Cresswell,England,Defender,0
Maya Yoshida,Japan,Defender,0
Greg Cunningham,Republic of Ireland,Defender,0
Denis Odoi,Belgium,Defender,0
Martín Montoya,Spain,Defender,0
Erik Durm,Germany,Defender,0
Jan Bednarek,Poland,Defender,0
Hector Bellerin,Spain,Defender,0
Florian Lejeune,France,Defender,0
Emerson Palmieri dos Santos,Italy,Defender,0
Danny Rose,England,Defender,0
Eric Bertrand Bailly,Ivory Coast,Defender,0
Rob Holding,England,Defender,0
Daryl Janmaat,Netherlands,Defender,0
José Diogo Dalot Teixeira,Portugal,Defender,0
Joe Gomez,England,Defender,0
Timothy Fosu-Mensah,Netherlands,Defender,0
Federico Fernández,Argentina,Defender,0
Adam Masina,Italy,Defender,0
Nicolas Otamendi,Argentina,Defender,0
Nathaniel Clyne,England,Defender,0
Rúben Gonçalo Silva Nascimento Vinagre,Portugal,Defender,0
Andreas Christensen,Denmark,Defender,0
Javier Manquillo Gaitán,Spain,Defender,0
Danny Simpson,England,Defender,0
Caglar Söyüncü,Turkey,Defender,0
Jack Simpson,England,Defender,0
Antonio Valencia,Ecuador,Defender,0
Matteo Darmian,Italy,Defender,0
Miguel Ángel Britos Cabrera,Uruguay,Defender,0
Bruno Saltor Grau,Spain,Defender,0
Jonjoe Kenny,England,Defender,0
Stephen Ward,Republic of Ireland,Defender,0
Leighton Baines,England,Defender,0
Jazz Richards,Wales,Defender,0
Ben Wilmot,England,Defender,0
Konstantinos Mavropanos,Greece,Defender,0
Phil Jones,England,Defender,0
Chris Mepham,Wales,Defender,0
Benjamin Mendy,France,Defender,0
Kyle Walker-Peters,England,Defender,0
Serge Aurier,Ivory Coast,Defender,0
Diego Rico,Spain,Defender,0
Scott Dann,England,Defender,0
Kevin Long,Republic of Ireland,Defender,0
Mason Holgate,England,Defender,0
Faustino Marcos Alberto Rojo,Argentina,Defender,0
Christian Fuchs,Austria,Defender,0
Tyrone Mings,England,Defender,0
Carl Jenkinson,England,Defender,0
Alberto Moreno,Spain,Defender,0
Marc Navarro Ceciliano,Spain,Defender,0
Antonio Barreca,Italy,Defender,0
Zeze Steven Sessegnon,England,Defender,0
Zechariah Medley,England,Defender,0
Tyreke Johnson,England,Defender,0
Tyias Browning,England,Defender,0
Timothy Eyoma,England,Defender,0
Sam Woods,England,Defender,0
Philippe Sandler,Netherlands,Defender,0
Nikola Tavares,England,Defender,0
Matthew Connolly,England,Defender,0
Markus Suttner,Austria,Defender,0
Marc Guehi,England,Defender,0
Lewis Cass,England,Defender,0
Kortney Hause,England,Defender,0
Josh Knight,England,Defender,0
Jamie Sterry,England,Defender,0
James Garner,England,Defender,0
Jaïro Riedewald,Netherlands,Defender,0
Dan Burn,England,Defender,0
Cameron John,England,Defender,0
Ben White,England,Defender,0
Anthony Driscoll-Glennon,England,Defender,0
Ali Koiki,England,Defender,0
Alfie Jones,England,Defender,0
Oliver Skipp,England,Midfielder,0
Alex Oxlade-Chamberlain,England,Midfielder,0
Denis Suárez,Spain,Midfielder,0
James McCarthy,Republic of Ireland,Midfielder,0
Bakary Sako,Mali,Midfielder,0
Kayne Ramsey,England,Midfielder,0
Joe Ralls,England,Midfielder,0
Conor Coady,England,Midfielder,0
Nampalys Mendy,France,Midfielder,0
Mohamed Diamé,Senegal,Midfielder,0
Yves Bissouma,Mali,Midfielder,0
André-Frank Zambo Anguissa,Cameroon,Midfielder,0
Moussa Sissoko,France,Midfielder,0
Aaron Wan-Bissaka,England,Midfielder,0
Idrissa Gana Gueye,Senegal,Midfielder,0
Harry Arter,Republic of Ireland,Midfielder,0
Andrew Surman,England,Midfielder,0
Tom Davies,England,Midfielder,0
Mattéo Guendouzi Olié,France,Midfielder,0
Leandro Bacuna,Curaçao,Midfielder,0
Mateo Kovačić,Croatia,Midfielder,0
Cheikhou Kouyaté,Senegal,Midfielder,0
Jonathan Hogg,England,Midfielder,0
Miguel Ángel Almirón Rejala,Paraguay,Midfielder,0
Lewis Cook,England,Midfielder,0
Sung-Yeung Ki,South Korea,Midfielder,0
Steven Defour,Belgium,Midfielder,0
Marouane Fellaini,Belgium,Midfielder,0
Adam David Lallana,England,Midfielder,0
Mohamed Elyounoussi,Norway,Midfielder,0
Hamza Choudhury,England,Midfielder,0
Jason Puncheon,England,Midfielder,0
Cesc Fabregas,Spain,Midfielder,0
Oleksandr Zinchenko,Ukraine,Midfielder,0
Vicente Iborra De La Fuente,Spain,Midfielder,0
Moussa Dembele,Belgium,Midfielder,0
Kevin McDonald,Scotland,Midfielder,0
Mohamed Elneny,Egypt,Midfielder,0
Carlos Sánchez,Colombia,Midfielder,0
Daniel Amartey,Ghana,Midfielder,0
Rajiv van La Parra,Netherlands,Midfielder,0
Nathaniel Chalobah,England,Midfielder,0
Adrien Sebastian Perruchet Silva,Portugal,Midfielder,0
Grady Diangana,England,Midfielder,0
Victor Moses,Nigeria,Midfielder,0
Daniel Williams,USA,Midfielder,0
Pedro Obiang,Equatorial Guinea,Midfielder,0
Robbie Brady,Republic of Ireland,Midfielder,0
Samir Nasri,France,Midfielder,0
Stefan Marius Johansen,Norway,Midfielder,0
Morgan Schneiderlin,France,Midfielder,0
Morgan Gibbs-White,England,Midfielder,0
Fabian Delph,England,Midfielder,0
Callum Hudson-Odoi,England,Midfielder,0
Joshua Sims,England,Midfielder,0
Jack Wilshere,England,Midfielder,0
Håvard Nordtveit,Norway,Midfielder,0
Jacob Murphy,England,Midfielder,0
Steven Davis,Northern Ireland,Midfielder,0
Abdelhamid Sabiri,Morocco,Midfielder,0
Ibrahima Cissé,Belgium,Midfielder,0
Mason Greenwood,England,Midfielder,0
Loïc Damour,France,Midfielder,0
Emerson Hyndman,USA,Midfielder,0
Angel Gomes,England,Midfielder,0
Matty Daly,England,Midfielder,0
Fousseni Diabaté,Mali,Midfielder,0
Neeskens Kebano,Congo DR,Midfielder,0
Lazar Marković,Serbia,Midfielder,0
Callum Slattery,England,Midfielder,0
Joseph Willock,England,Midfielder,0
Luke Amos,England,Midfielder,0
Sullay Kaikai,England,Midfielder,0
Ryan Giles,England,Midfielder,0
Rafael Euclides Soares Camacho,Portugal,Midfielder,0
Nnamdi Ofoborh,England,Midfielder,0
Nathan Holland,England,Midfielder,0
Max Harrison Sanders,England,Midfielder,0
Matt Butcher,England,Midfielder,0
Marc Pugh,England,Midfielder,0
Luke Dreher,England,Midfielder,0
Luca de la Torre,USA,Midfielder,0
Kyle Taylor,England,Midfielder,0
Kieran Dowell,England,Midfielder,0
Kelland Watts,England,Midfielder,0
Josh Benson,England,Midfielder,0
Jayson Molumby,Republic of Ireland,Midfielder,0
George Marsh,England,Midfielder,0
Ethan Ampadu,Wales,Midfielder,0
Emile Smith Rowe,England,Midfielder,0
Danny Drinkwater,England,Midfielder,0
Curtis Jones,England,Midfielder,0
Conor Coventry,Republic of Ireland,Midfielder,0
Vincent Janssen,Netherlands,Forward,0
Sam Gallagher,England,Forward,0
Elias Kachunga,Congo DR,Forward,0
Alireza Jahanbakhsh,Iran,Forward,0
Oumar Niasse,Senegal,Forward,0
Adama Diakhaby,France,Forward,0
Laurent Depoitre,Belgium,Forward,0
Peter Crouch,England,Forward,0
Alexander Sørloth,Norway,Forward,0
Andy Carroll,England,Forward,0
Jermain Defoe,England,Forward,0
Rhys Healey,England,Forward,0
Georges-Kevin N'Koudou Mbida,France,Forward,0
Ademola Lookman,England,Forward,0
Dominic Solanke,England,Forward,0
Jose Izquierdo,Colombia,Forward,0
Leonardo Bonatini Lohner Maia,Brazil,Forward,0
Shinji Okazaki,Japan,Forward,0
Connor Wickham,England,Forward,0
Gary Madine,England,Forward,0
Collin Quaner,Germany,Forward,0
Stefano Okaka,Italy,Forward,0
Tahith Chong,Netherlands,Forward,0
Benjamin Johnson,England,Forward,0
Aaron Rowe,England,Forward,0
Ramadan Sobhi,Egypt,Forward,0
Alexandre Nascimento Costa Silva,Portugal,Forward,0
Sam Surridge,England,Forward,0
Viktor Gyökeres,Sweden,Forward,0
Sandro Ramirez,Spain,Forward,0
Kazaiah Sterling,England,Forward,0
Jonathan Walters,Republic of Ireland,Forward,0
Joe Powell,England,Forward,0
Callum Roberts,England,Forward,0
Bright Enobakhare,England,Forward,0
Adalberto Peñaranda Maestre,Venezuela,Forward,0
